<html>
<body>
<pre>
<h1>礦ision Build Log</h1>
<h2>Tool Versions:</h2>
IDE-Version: μVision V5.18a
Copyright (C) 2016 ARM Ltd and ARM Germany GmbH. All rights reserved.
License Information: 11 11, 11, LIC=RC9QD-8ZWJP-LCXJF-6Q09Q-6DJAQ-9GK0U
 
Tool Versions:
Toolchain:       MDK-ARM Standard  Version: 5.18a
Toolchain Path:  H:\Install\ARM\ARMCC\Bin
C Compiler:      Armcc.exe V5.06 update 1 (build 61)
Assembler:       Armasm.exe V5.06 update 1 (build 61)
Linker/Locator:  ArmLink.exe V5.06 update 1 (build 61)
Library Manager: ArmAr.exe V5.06 update 1 (build 61)
Hex Converter:   FromElf.exe V5.06 update 1 (build 61)
CPU DLL:         SARM.DLL V5.18a
Dialog DLL:      DARMSS9.DLL V1.07
Target DLL:      UL2ARM.DLL V1.74.7.0
Dialog DLL:      TARMSS9.DLL V1.05
 
<h2>Project:</h2>
D:\卢杰的学习资料都在这里\嵌入式\语言实践\project\driver.uvproj
Project File Date:  05/17/2016

<h2>Output:</h2>
*** Using Compiler 'V5.06 update 1 (build 61)', folder: 'H:\Install\ARM\ARMCC\Bin'
Build target 'Target 1'
assembling driver.s...
src\driver.s(93): warning: A1876W: Use of '|' as a synonym for the :OR: operator is deprecated.
src\driver.s(55): warning: A1608W: MOV pc,<rn> instruction used, but BX <rn> is preferred
src\driver.s(110): warning: A1608W: MOV pc,<rn> instruction used, but BX <rn> is preferred
linking...
Program Size: Code=436 RO-data=0 RW-data=0 ZI-data=0  
After Build - User command #1: H:\Install\ARM\BIN40\fromelf.exe --bin --output D:/卢杰的学习资料都在这里/嵌入式/语言实践/project/output/driver.bin  D:/卢杰的学习资料都在这里/嵌入式/语言实践/project/output/driver.axf
".\output\driver.axf" - 0 Error(s), 3 Warning(s).
Build Time Elapsed:  00:00:01
</pre>
</body>
</html>
